{
  "component": {
    "size": {
      "sets": {
        "mobile": {
          "value": "15px",
          "filePath": "tests/fixtures/basic.json",
          "isSource": true,
          "original": {
            "value": "15px"
          },
          "name": "component-size-sets-mobile",
          "attributes": {
            "sets": ["mobile"]
          },
          "path": ["component", "size", "sets", "mobile"]
        },
        "desktop": {
          "value": "12px",
          "filePath": "tests/fixtures/basic.json",
          "isSource": true,
          "original": {
            "value": "12px"
          },
          "name": "component-size-sets-desktop",
          "attributes": {
            "sets": ["desktop"]
          },
          "path": ["component", "size", "sets", "desktop"]
        }
      }
    },
    "black-font-weight": {
      "sets": {
        "spectrum": {
          "attributes": {
            "sets": ["spectrum"]
          },
          "filePath": "tests/fixtures/basic.json",
          "isSource": true,
          "original": {
            "value": "black"
          },
          "name": "component-black-font-weight-sets-spectrum",
          "path": ["component", "black-font-weight", "sets", "spectrum"],
          "value": "black"
        }
      }
    }
  }
}
