{
  "component": {
    "size": {
      "sets": {
        "spectrum": {
          "sets": {
            "mobile": {
              "value": "15px",
              "filePath": "tests/fixtures/nest-sets-no-refs.json",
              "isSource": true,
              "original": {
                "value": "15px"
              },
              "name": "component-size-sets-spectrum-sets-mobile",
              "attributes": {
                "sets": ["spectrum", "mobile"]
              },
              "path": [
                "component",
                "size",
                "sets",
                "spectrum",
                "sets",
                "mobile"
              ]
            },
            "desktop": {
              "value": "12px",
              "filePath": "tests/fixtures/nest-sets-no-refs.json",
              "isSource": true,
              "original": {
                "value": "12px"
              },
              "name": "component-size-sets-spectrum-sets-desktop",
              "attributes": {
                "sets": ["spectrum", "desktop"]
              },
              "path": [
                "component",
                "size",
                "sets",
                "spectrum",
                "sets",
                "desktop"
              ]
            }
          }
        },
        "express": {
          "sets": {
            "mobile": {
              "value": "16px",
              "filePath": "tests/fixtures/nest-sets-no-refs.json",
              "isSource": true,
              "original": {
                "value": "16px"
              },
              "name": "component-size-sets-express-sets-mobile",
              "attributes": {
                "sets": ["express", "mobile"]
              },
              "path": [
                "component",
                "size",
                "sets",
                "express",
                "sets",
                "mobile"
              ]
            },
            "desktop": {
              "value": "13px",
              "filePath": "tests/fixtures/nest-sets-no-refs.json",
              "isSource": true,
              "original": {
                "value": "13px"
              },
              "name": "component-size-sets-express-sets-desktop",
              "attributes": {
                "sets": ["express", "desktop"]
              },
              "path": [
                "component",
                "size",
                "sets",
                "express",
                "sets",
                "desktop"
              ]
            }
          }
        }
      }
    }
  }
}
