{
  "component": {
    "width": {
      "ref": "{size}",
      "sets": {
        "mobile": {
          "value": "15px"
        },
        "desktop": {
          "value": "12px"
        }
      }
    }
  },
  "size": {
    "sets": {
      "mobile": {
        "value": "15px"
      },
      "desktop": {
        "value": "12px"
      }
    }
  }
}
